#!/bin/sh
# Copyright (C) 2004-2012 GraphicsMagick Group
. ./common.shi
. ${top_srcdir}/tests/common.shi

# Test program
rwfile=./rwfile

# Types we will test
check_types='truecolor_70x46'

# Number of tests we plan to run
test_plan_fn 8

# CMYK format
for type in ${check_types}
do
  test_command_fn "CMYK ${type}" ${MEMCHECK} ${rwfile} -filespec "out_${type}_%d" -size 70x46 "${SRCDIR}/input_${type}.miff" CMYK
done

# GRAY format
for type in ${check_types}
do
  test_command_fn "GRAY ${type}" ${MEMCHECK} ${rwfile} -filespec "out_${type}_%d" -size 70x46 "${SRCDIR}/input_${type}.miff" GRAY
done

# MONO format
for type in ${check_types}
do
  test_command_fn "MONO ${type}" ${MEMCHECK} ${rwfile} -filespec "out_${type}_%d" -size 70x46 "${SRCDIR}/input_${type}.miff" MONO
done

# PAL format
for type in ${check_types}
do
  test_command_fn "PAL ${type}" ${MEMCHECK} ${rwfile} -filespec "out_${type}_%d" -size 70x46 "${SRCDIR}/input_${type}.miff" PAL
done

# RGB format
for type in ${check_types}
do
  test_command_fn "RGB ${type}" ${MEMCHECK} ${rwfile} -filespec "out_${type}_%d" -size 70x46 "${SRCDIR}/input_${type}.miff" RGB
done

# RGBA format
for type in ${check_types}
do
  test_command_fn "RGBA ${type}" ${MEMCHECK} ${rwfile} -filespec "out_${type}_%d" -size 70x46 "${SRCDIR}/input_${type}.miff" RGBA
done

# UYVY format
for type in ${check_types}
do
  test_command_fn "UYVY ${type}" ${MEMCHECK} ${rwfile} -filespec "out_${type}_%d" -size 70x46 "${SRCDIR}/input_${type}.miff" UYVY
done

# YUV format
for type in ${check_types}
do
  test_command_fn "YUV ${type}" ${MEMCHECK} ${rwfile} -filespec "out_${type}_%d" -size 70x46 "${SRCDIR}/input_${type}.miff" YUV
done

:
